// Jest Snapshot v1, https://goo.gl/fbAQLP

exports[`<Company/> should match snapshot 1`] = `
.c2 {
  color: #ffff;
  font-weight: 400;
  font-size: 3.2rem;
}

.c2 > span {
  color: #7D00FF;
  position: relative;
  z-index: 2;
}

.c2 > span::before {
  content: '';
  opacity: 0.2;
  position: absolute;
  z-index: 1;
  top: 60%;
  left: 0;
  width: 90%;
  height: 3rem;
  background: #35016b;
}

.c0 {
  width: 100%;
  display: -webkit-box;
  display: -webkit-flex;
  display: -ms-flexbox;
  display: flex;
  padding-top: 20rem;
  -webkit-box-pack: space-around;
  -webkit-justify-content: space-around;
  -ms-flex-pack: space-around;
  justify-content: space-around;
}

.c0 .c1 {
  width: 312px;
}

.c0 .c1 > strong {
  color: #bc199c;
  font-weight: 400;
}

.c3 {
  display: -webkit-box;
  display: -webkit-flex;
  display: -ms-flexbox;
  display: flex;
  max-width: 93.6rem;
  max-height: 12.0rem;
  -webkit-box-pack: space-around;
  -webkit-justify-content: space-around;
  -ms-flex-pack: space-around;
  justify-content: space-around;
}

.c4 {
  display: -webkit-box;
  display: -webkit-flex;
  display: -ms-flexbox;
  display: flex;
  -webkit-align-items: center;
  -webkit-box-align: center;
  -ms-flex-align: center;
  align-items: center;
  -webkit-box-pack: center;
  -webkit-justify-content: center;
  -ms-flex-pack: center;
  justify-content: center;
  width: 168px;
  height: 120px;
  margin-right: 2.4rem;
  background: linear-gradient(0deg,rgba(223,227,235,0.3),rgba(223,227,235,0.3)),#FFFFFF;
  border-radius: 0.8rem;
  -webkit-transition: all 500ms ease-in-out;
  transition: all 500ms ease-in-out;
}

.c4:hover {
  border: 1rem solid #ffff;
}

.c4 >img {
  width: 11.304rem;
  height: 2.6rem;
}

.c4 >img:nth-of-type(5) {
  width: 2.756rem !important;
  height: 1.205rem !important;
}

@media (max-width:768px) {
  .c0 {
    -webkit-flex-direction: column;
    -ms-flex-direction: column;
    flex-direction: column;
    text-align: center;
  }
}

@media (max-width:768px) {
  .c3 {
    -webkit-flex-direction: column;
    -ms-flex-direction: column;
    flex-direction: column;
    width: 100%;
    max-height: 96.6rem;
  }
}

@media (max-width:768px) {
  .c4 {
    margin: 0 auto;
    margin-top: 3rem;
  }
}

<div>
  <div
    class="c0"
  >
    <h1
      class="c1 c2"
      color="#ffff"
    >
      I worked with 
      <strong>
        289+
      </strong>
       Companies all over the World
    </h1>
    <div
      class="c3"
    >
      <div
        class="c4"
      >
        <img
          alt="logo assets/images/logo/youtube-logo.png"
          src="assets/images/logo/youtube-logo.png"
        />
      </div>
      <div
        class="c4"
      >
        <img
          alt="logo assets/images/logo/google-logo.png"
          src="assets/images/logo/google-logo.png"
        />
      </div>
      <div
        class="c4"
      >
        <img
          alt="logo assets/images/logo/adobe-logo.png"
          src="assets/images/logo/adobe-logo.png"
        />
      </div>
      <div
        class="c4"
      >
        <img
          alt="logo assets/images/logo/sketch-logo.png"
          src="assets/images/logo/sketch-logo.png"
        />
      </div>
      <div
        class="c4"
      >
        <img
          alt="logo assets/images/GroupPurple.png"
          src="assets/images/GroupPurple.png"
        />
      </div>
    </div>
  </div>
</div>
`;
