// Jest Snapshot v1, https://goo.gl/fbAQLP

exports[`<LogoLink/> should match snapshot 1`] = `undefined`;
