// Jest Snapshot v1, https://goo.gl/fbAQLP

exports[`<Card/> should match snapshot 1`] = `
.c3 {
  font-size: 3.2rem;
  color: #242424;
  padding: 3.2rem 0;
  line-height: 4rem;
}

.c0 {
  background: linear-gradient(0deg,rgba(223,227,235,0.4),rgba(223,227,235,0.4)),#FFFFFF;
  border-radius: 6px;
  width: 31.2rem;
  max-height: 35.1rem;
  -webkit-transition: all 400ms ease-in-out;
  transition: all 400ms ease-in-out;
}

.c0 > svg {
  width: 4rem;
  height: 4rem;
  margin: 2.2rem 2.2rem 0 2.2rem;
  color: #242424;
}

.c0 .c2 {
  padding: 2.2rem 0 3.2rem 2.8rem;
  position: relative;
}

.c0 .c2 > strong {
  width: 6.4rem;
  height: 0.3rem;
  background-color: #ED1CA6;
  margin-top: 1.6rem;
  margin-bottom: 2.8rem;
  position: absolute;
  bottom: -1.3rem;
  left: 6rem;
}

.c0 > img {
  margin: 2.8rem 0 3.6rem 3.5rem;
}

.c0:hover {
  background: #FFFFFF;
  box-shadow: 0px 20px 48px rgba(10,25,49,0.09);
  border-radius: 6px;
  border: 0.3rem solid #ED1CA6;
}

.c0:hover .c2 {
  color: #ED1CA6;
}

.c0:hover > svg {
  color: #ED1CA6;
}

.c1 {
  -webkit-transition: all 400ms ease-in-out;
  transition: all 400ms ease-in-out;
  height: 15.2rem;
}

.c1 > svg {
  width: 4rem;
  height: 4rem;
  margin: 2.2rem 2.2rem 0 2.2rem;
  color: #242424;
}

.c1:hover > svg {
  color: #ED1CA6;
}

@media (max-width:768px) {
  .c0 {
    width: 18.5rem;
    padding-bottom: 2%;
    max-height: 40rem;
  }

  .c0 > svg {
    width: 2.5rem !important;
    height: 2.5rem !important;
    margin: 0;
  }

  .c0 .c2 {
    text-align: center;
    font-size: 2rem;
    padding: 2.2rem 0 3.2rem 0 !important;
  }

  .c0 .c2 > strong {
    margin-top: 1.6rem;
  }
}

@media (max-width:768px) {
  .c1 > svg {
    width: 3rem !important;
    height: 3rem !important;
    margin: 0;
  }
}

<div>
  <div
    class="c0"
  >
    <div
      class="c1"
    />
    <p
      class="c2 c3"
      color="#242424"
      sizes="3.2"
    >
      front end
       
      <strong />
    </p>
    <img
      alt="Arrow right"
      src="assets/images/GroupBlack.png"
    />
  </div>
</div>
`;
