// Jest Snapshot v1, https://goo.gl/fbAQLP

exports[`<Testimonial/> should match snapshot 1`] = `
.c2 {
  color: #ffff;
  font-weight: 400;
  font-size: 4.0rem;
}

.c2 > span {
  color: #7D00FF;
  position: relative;
  z-index: 2;
}

.c2 > span::before {
  content: '';
  opacity: 0.2;
  position: absolute;
  z-index: 1;
  top: 60%;
  left: 0;
  width: 90%;
  height: 3rem;
  background: #35016b;
}

.c11 {
  font-size: 1.8rem;
  color: #242424;
  padding: 3.2rem 0;
  line-height: 2.8rem;
}

.c12 {
  font-size: 1.4rem;
  color: #A5A5A5;
  padding: 3.2rem 0;
  line-height: 2rem;
}

.c18 {
  font-size: 3.2rem;
  color: #242424;
  padding: 3.2rem 0;
  line-height: 5.12rem;
}

.c5 {
  display: -webkit-box;
  display: -webkit-flex;
  display: -ms-flexbox;
  display: flex;
  -webkit-align-items: center;
  -webkit-box-align: center;
  -ms-flex-align: center;
  align-items: center;
  width: 31.2rem;
  height: 10rem;
  background: linear-gradient(0deg,rgba(223,227,235,0.3),rgba(223,227,235,0.3)),#FFFFFF;
  background-position: center;
  border-radius: 0.4rem;
  margin-bottom: 0.375rem;
  -webkit-transition: all 500ms ease-in-out;
  transition: all 500ms ease-in-out;
  overflow-x: auto;
  overflow-y: hidden;
  cursor: pointer;
}

.c5:active {
  background: #242424;
}

.c5:hover {
  border: 0.3rem solid #ED1CA6;
  margin-bottom: 1rem;
}

.c5:hover .c6 {
  -webkit-transition: all 500ms ease-in-out;
  transition: all 500ms ease-in-out;
  border: 0.05rem solid #ED1CA6;
}

.c5:hover .c8 {
  -webkit-transition: all 500ms ease-in-out;
  transition: all 500ms ease-in-out;
}

.c5:hover .c8 > .c10 {
  color: #ED1CA6;
}

.c7 {
  width: 5.2rem;
  height: 5.2rem;
  border-radius: calc(5.2rem / 2);
  background-image: url(assets/images/photo/cleber-photo.jpg);
  background-size: cover;
  background-color: #A5A5A5;
  margin: 2.4rem;
}

.c13 {
  width: 5.2rem;
  height: 5.2rem;
  border-radius: calc(5.2rem / 2);
  background-image: url(assets/images/photo/gustavo-photo.jpg);
  background-size: cover;
  background-color: #A5A5A5;
  margin: 2.4rem;
}

.c9 .c10 {
  text-transform: capitalize;
  padding: 0;
  padding-bottom: 0.6rem;
}

.c9 .c10 > span {
  color: #ED1CA6;
}

.c0 {
  padding-top: 22rem;
}

.c0 > .c1 {
  position: relative;
  text-align: center;
  text-transform: capitalize;
}

.c0 > .c1 > div {
  width: 8rem;
  height: 0.3rem;
  background-color: #ED1CA6;
  margin-top: 1.6rem;
  position: absolute;
  left: 48%;
}

.c3 {
  width: 100%;
  padding-top: 5rem;
  display: -webkit-box;
  display: -webkit-flex;
  display: -ms-flexbox;
  display: flex;
  -webkit-align-items: flex-start;
  -webkit-box-align: flex-start;
  -ms-flex-align: flex-start;
  align-items: flex-start;
}

.c4 {
  margin-right: 4.42rem;
}

.c14 {
  background: linear-gradient(0deg,rgba(223,227,235,0.3),rgba(223,227,235,0.3)),#FFFFFF;
  width: 96.4rem;
  min-height: 42.1rem;
}

.c14 > .c10 {
  max-width: 86.4rem;
  padding: 2.6rem 5rem 5rem 5rem;
}

.c15 {
  display: -webkit-box;
  display: -webkit-flex;
  display: -ms-flexbox;
  display: flex;
  -webkit-align-items: center;
  -webkit-box-align: center;
  -ms-flex-align: center;
  align-items: center;
  padding: 2.4rem 2.42rem 0 5.27rem;
  position: relative;
}

.c16 {
  display: -webkit-box;
  display: -webkit-flex;
  display: -ms-flexbox;
  display: flex;
  -webkit-align-items: center;
  -webkit-box-align: center;
  -ms-flex-align: center;
  align-items: center;
}

.c16 > img {
  width: 2.667rem;
  height: 2.536rem;
  margin-right: 1.067rem;
}

.c17 {
  position: absolute;
  right: 2.42rem;
}

@media (max-width:768px) {
  .c5 {
    width: 100%;
  }
}

@media (max-width:768px) {
  .c0 {
    padding-top: 3rem;
  }
}

@media (max-width:768px) {
  .c0 > .c1 > div {
    left: 38%;
  }
}

@media (max-width:768px) {
  .c3 {
    -webkit-flex-direction: column;
    -ms-flex-direction: column;
    flex-direction: column;
  }
}

@media (max-width:768px) {
  .c4 {
    margin: 0 auto;
    margin-bottom: 3rem;
  }
}

@media (max-width:768px) {
  .c14 {
    width: 100%;
    height: auto;
    padding: 0.5rem 1%;
  }
}

@media (max-width:768px) {
  .c14 > .c10 {
    width: 100%;
    font-size: 1.5rem;
    line-height: 2rem;
    padding-top: 1rem;
    height: auto;
  }
}

@media (max-width:768px) {
  .c15 {
    padding-top: 1rem;
  }
}

@media (max-width:768px) {
  .c17 {
    right: 5rem;
  }

  .c17 >img {
    width: 2.0rem;
    height: 4.0rem;
  }
}

<div>
  <div
    class="c0"
  >
    <h1
      class="c1 c2"
      color="#ffff"
    >
      test
       
      <div />
    </h1>
    <div
      class="c3"
    >
      <div
        class="c4"
      >
        <div
          class="c5"
          id="0"
        >
          <div
            class="c6 c7"
          />
          <div
            class="c8 c9"
          >
            <p
              class="c10 c11"
              color="#242424"
              sizes="1.8"
            >
              Cleber Souza
            </p>
            <p
              class="c10 c12"
              color="#A5A5A5"
              sizes="1.4"
            >
              Data Analyst
               of 
              <span>
                Bonfiglioli
              </span>
            </p>
          </div>
        </div>
        <div
          class="c5"
          id="1"
        >
          <div
            class="c6 c13"
          />
          <div
            class="c8 c9"
          >
            <p
              class="c10 c11"
              color="#242424"
              sizes="1.8"
            >
              Gustavo Borges
            </p>
            <p
              class="c10 c12"
              color="#A5A5A5"
              sizes="1.4"
            >
              Technical Design
               of 
              <span>
                Air Liquide Brasil 
              </span>
            </p>
          </div>
        </div>
      </div>
      <div
        class="c14"
      >
        <div
          class="c15"
        >
          <div
            class="c16"
          >
            <img
              alt="start"
              src="assets/images/start.png"
            />
            <p
              class="c10 c12"
              color="#A5A5A5"
              sizes="1.4"
            >
              5
               Star Rating
            </p>
          </div>
          <div
            class="c17"
          >
            <img
              alt="qoute 1"
              src="assets/images/qoute.png"
            />
            <img
              alt="qoute"
              src="assets/images/qoute.png"
            />
          </div>
        </div>
        <p
          class="c10 c18"
          color="#242424"
          sizes="3.2"
        >
          “If you're looking for someone who will challenge your UX/UI thinking and really cut to the core of what's important for users, then Jesse is your man. On top of that, he brings a level of enthusiasm to the craft that's energizing for everyone who works with him.”
        </p>
      </div>
    </div>
  </div>
</div>
`;
