// Jest Snapshot v1, https://goo.gl/fbAQLP

exports[`<Header/> should render link 1`] = `
.c13 {
  color: #ffff;
  font-weight: 400;
  font-size: 8rem;
}

.c13 > span {
  color: #7D00FF;
  position: relative;
  z-index: 2;
}

.c13 > span::before {
  content: '';
  opacity: 0.2;
  position: absolute;
  z-index: 1;
  top: 60%;
  left: 0;
  width: 90%;
  height: 3rem;
  background: #35016b;
}

.c15 {
  font-size: 2rem;
  color: #A5A5A5;
  padding: 3.2rem 0;
  line-height: 3rem;
}

.c20 {
  font-size: 1.4rem;
  color: #FFFFF;
  padding: 3.2rem 0;
  line-height: 2rem;
}

.c3 {
  width: 15.2rem;
  height: 6.8rem;
  display: grid;
  grid-template-columns: repeat(4,1fr);
}

.c4 {
  background: #242424;
  width: 0.5rem;
  height: 0.5rem;
  margin: 0.8rem;
}

.c0 {
  min-height: 108rem;
}

.c11 {
  max-width: 75.8rem;
  margin-top: 23.8rem;
  position: relative;
}

.c11 > .c12 {
  max-width: 75.8rem;
}

.c11 > .c14 {
  max-width: 67rem;
}

.c1 {
  background: #7D00FF;
  height: 100.8rem;
  width: 100rem;
  max-width: 78.4rem;
  position: absolute;
  top: 0;
  right: 0;
}

.c1 > .c2 {
  position: absolute;
  top: 41.7rem !important;
  right: 18%;
  z-index: 3;
}

.c5 {
  background-image: url(assets/images/Image.png);
  background-size: 100% 100%;
  width: 87.0rem;
  height: 92.8rem;
  position: absolute;
  top: 8rem;
  right: 8rem;
}

.c16 {
  display: -webkit-box;
  display: -webkit-flex;
  display: -ms-flexbox;
  display: flex;
  -webkit-flex-direction: row;
  -ms-flex-direction: row;
  flex-direction: row;
  gap: 1.6rem;
}

.c19 {
  display: -webkit-box;
  display: -webkit-flex;
  display: -ms-flexbox;
  display: flex;
  -webkit-flex-direction: column;
  -ms-flex-direction: column;
  flex-direction: column;
  gap: 1.6rem;
  margin-top: 20.2rem;
}

.c19 > .c14 {
  padding: 0;
}

.c19 > div {
  display: -webkit-box;
  display: -webkit-flex;
  display: -ms-flexbox;
  display: flex;
  gap: 1.2rem;
}

.c19 > div > a {
  display: -webkit-box;
  display: -webkit-flex;
  display: -ms-flexbox;
  display: flex;
  -webkit-align-items: center;
  -webkit-box-align: center;
  -ms-flex-align: center;
  align-items: center;
  -webkit-box-pack: center;
  -webkit-justify-content: center;
  -ms-flex-pack: center;
  justify-content: center;
  width: 4.8rem;
  height: 4.8rem;
  background: #ffff;
  color: #242424;
  border: 1px solid #DFE3EB;
  border-radius: 3px;
  -webkit-transition: all 600ms ease-in-out;
  transition: all 600ms ease-in-out;
}

.c19 > div > a > svg {
  width: 2rem;
  height: 2rem;
}

.c19 > div > a:hover {
  background: #7D00FF;
  color: #ffff;
  border: none;
}

.c19 > div > a:hover > svg {
  width: 2.5rem;
  height: 2.5rem;
}

.c7 {
  display: inline-block;
  vertical-align: middle;
  overflow: hidden;
}

.c8 {
  z-index: 5;
  width: 100%;
  padding: 2.8rem 15rem 3.8rem 0;
  -webkit-transition: all 300ms ease-in-out;
  transition: all 300ms ease-in-out;
}

.c6 {
  z-index: 6;
  position: fixed;
  top: 2rem;
  right: 2rem;
  width: 4rem;
  height: 4rem;
  background: #242424;
  color: #ffff;
  border: none;
  display: none;
  pointer-events: all;
}

.c6 > svg {
  width: 2.5rem;
  height: 2.5rem;
}

.c9 {
  display: -webkit-box;
  display: -webkit-flex;
  display: -ms-flexbox;
  display: flex;
  -webkit-flex-flow: row wrap;
  -ms-flex-flow: row wrap;
  flex-flow: row wrap;
  -webkit-box-pack: right;
  -webkit-justify-content: right;
  -ms-flex-pack: right;
  justify-content: right;
}

.c10 {
  display: block;
  font-size: 1.6rem;
  text-transform: uppercase;
  -webkit-text-decoration: none;
  text-decoration: none;
  padding: 0 4.0rem 2rem 4.0rem;
  color: #ffff;
  position: relative;
  cursor: pointer;
}

.c10::after {
  content: '';
  position: absolute;
  bottom: 1.3rem;
  left: 50%;
  width: 0;
  height: 0.2rem;
  background: #ffff;
  -webkit-transition: all 300ms ease-in-out;
  transition: all 300ms ease-in-out;
}

.c10:hover::after {
  left: 25%;
  width: 50%;
}

.c17 {
  display: -webkit-box;
  display: -webkit-flex;
  display: -ms-flexbox;
  display: flex;
  -webkit-flex-direction: row;
  -ms-flex-direction: row;
  flex-direction: row;
  -webkit-box-pack: center;
  -webkit-justify-content: center;
  -ms-flex-pack: center;
  justify-content: center;
  -webkit-align-items: center;
  -webkit-box-align: center;
  -ms-flex-align: center;
  align-items: center;
  padding: 1.2rem 3.2rem;
  -webkit-letter-spacing: 0.02rem;
  -moz-letter-spacing: 0.02rem;
  -ms-letter-spacing: 0.02rem;
  letter-spacing: 0.02rem;
  text-transform: uppercase;
  background: #7D00FF;
  color: #ffff;
  font-size: 1.6rem;
  border-radius: 5px;
  border: none;
  -webkit-transition: all 500ms ease-in-out;
  transition: all 500ms ease-in-out;
  cursor: pointer;
  font-weight: 600;
}

.c17:hover {
  background: #ffff;
  color: #242424;
}

.c18 {
  display: -webkit-box;
  display: -webkit-flex;
  display: -ms-flexbox;
  display: flex;
  -webkit-flex-direction: row;
  -ms-flex-direction: row;
  flex-direction: row;
  -webkit-box-pack: center;
  -webkit-justify-content: center;
  -ms-flex-pack: center;
  justify-content: center;
  -webkit-align-items: center;
  -webkit-box-align: center;
  -ms-flex-align: center;
  align-items: center;
  padding: 1.2rem 3.2rem;
  -webkit-letter-spacing: 0.02rem;
  -moz-letter-spacing: 0.02rem;
  -ms-letter-spacing: 0.02rem;
  letter-spacing: 0.02rem;
  text-transform: uppercase;
  background: #ffff;
  color: #242424;
  font-size: 1.6rem;
  border-radius: 5px;
  border: none;
  -webkit-transition: all 500ms ease-in-out;
  transition: all 500ms ease-in-out;
  cursor: pointer;
  font-weight: 600;
}

.c18:hover {
  background: #7D00FF;
  color: #ffff;
}

@media (max-width:768px) {
  .c13 {
    font-size: 4.0rem;
  }
}

@media (max-width:768px) {
  .c3 {
    display: none;
  }
}

@media (max-width:768px) {
  .c0 {
    min-height: 0;
    padding-bottom: 5%;
  }
}

@media (max-width:768px) {
  .c11 {
    margin-top: 0;
  }
}

@media (max-width:768px) {
  .c1 {
    width: 100%;
    height: 5.5rem;
  }
}

@media (max-width:768px) {
  .c5 {
    display: none;
  }
}

@media (max-width:768px) {
  .c19 {
    margin-top: 10rem;
  }
}

@media (max-width:768px) {
  .c8 {
    position: fixed;
    top: 0;
    left: 0;
    height: 100vh;
    visibility: hidden;
    opacity: 0;
    background-color: #242424;
  }
}

@media (max-width:768px) {
  .c6 {
    display: -webkit-box;
    display: -webkit-flex;
    display: -ms-flexbox;
    display: flex;
    -webkit-align-items: center;
    -webkit-box-align: center;
    -ms-flex-align: center;
    align-items: center;
    -webkit-box-pack: center;
    -webkit-justify-content: center;
    -ms-flex-pack: center;
    justify-content: center;
  }
}

@media (max-width:768px) {
  .c9 {
    -webkit-flex-flow: column wrap;
    -ms-flex-flow: column wrap;
    flex-flow: column wrap;
    -webkit-align-content: center;
    -ms-flex-line-pack: center;
    align-content: center;
  }
}

@media (max-width:768px) {
  .c10 {
    padding: 4.0rem 0;
    font-size: 2.0rem;
    color: #ffff;
  }
}

<div>
  <header
    class="c0"
  >
    <div
      class="c1"
    >
      <div
        class="c2 c3"
      >
        <div
          class="c4"
          color="#242424"
        />
        <div
          class="c4"
          color="#242424"
        />
        <div
          class="c4"
          color="#242424"
        />
        <div
          class="c4"
          color="#242424"
        />
        <div
          class="c4"
          color="#242424"
        />
        <div
          class="c4"
          color="#242424"
        />
        <div
          class="c4"
          color="#242424"
        />
        <div
          class="c4"
          color="#242424"
        />
        <div
          class="c4"
          color="#242424"
        />
        <div
          class="c4"
          color="#242424"
        />
        <div
          class="c4"
          color="#242424"
        />
        <div
          class="c4"
          color="#242424"
        />
        <div
          class="c4"
          color="#242424"
        />
        <div
          class="c4"
          color="#242424"
        />
        <div
          class="c4"
          color="#242424"
        />
        <div
          class="c4"
          color="#242424"
        />
        <div
          class="c4"
          color="#242424"
        />
        <div
          class="c4"
          color="#242424"
        />
        <div
          class="c4"
          color="#242424"
        />
        <div
          class="c4"
          color="#242424"
        />
        <div
          class="c4"
          color="#242424"
        />
        <div
          class="c4"
          color="#242424"
        />
        <div
          class="c4"
          color="#242424"
        />
        <div
          class="c4"
          color="#242424"
        />
        <div
          class="c4"
          color="#242424"
        />
        <div
          class="c4"
          color="#242424"
        />
        <div
          class="c4"
          color="#242424"
        />
        <div
          class="c4"
          color="#242424"
        />
        <div
          class="c4"
          color="#242424"
        />
        <div
          class="c4"
          color="#242424"
        />
        <div
          class="c4"
          color="#242424"
        />
        <div
          class="c4"
          color="#242424"
        />
      </div>
    </div>
    <div
      class="c5"
    />
    <button
      aria-label="Open/Close menu"
      class="c6"
    >
      <svg
        aria-hidden="true"
        aria-label="Open menu"
        class="c7"
        fill="currentColor"
        focusable="false"
        viewBox="0 0 24 24"
        xmlns="http://www.w3.org/2000/svg"
      >
        <path
          d="M0 0h24v24H0V0z"
          fill="none"
        />
        <path
          d="M3 18h18v-2H3v2zm0-5h18v-2H3v2zm0-7v2h18V6H3z"
        />
      </svg>
    </button>
    <nav
      class="c8"
    >
      <nav
        class="c9"
      >
        <a
          class="c10"
        >
          about
        </a>
        <a
          class="c10"
        >
          stacks
        </a>
        <a
          class="c10"
        >
          works
        </a>
        <a
          class="c10"
        >
          contact
        </a>
      </nav>
    </nav>
    <div
      class="c11"
    >
      <h1
        class="c12 c13"
        color="#ffff"
      >
        Hello, I’m John, a
        <br />
        <span>
          Software Engineer.
        </span>
      </h1>
      <p
        class="c14 c15"
        color="#A5A5A5"
        sizes="2"
      >
        Product Designer, UI/UX Designer, and developer based in Brazil. Over the past 17 years, as an art director and designer, I’ve worked with big companies and up-and-coming startups.
      </p>
      <div
        class="c16"
      >
        <button
          class="c17"
          sizes="1.6"
        >
          Hire Me
        </button>
        <button
          class="c18"
          sizes="1.6"
        >
          view work
        </button>
      </div>
    </div>
    <div
      class="c19"
    >
      <p
        class="c14 c20"
        color="#FFFFF"
        sizes="1.4"
      >
        Follow me on
      </p>
      <div>
        <a
          href="https://github.com/viniciusferreira7"
        >
          <svg
            aria-hidden="true"
            aria-label="github icon"
            class="c7"
            fill="currentColor"
            focusable="false"
            viewBox="0 0 16 16"
            xmlns="http://www.w3.org/2000/svg"
          >
            <path
              d="M8 0C3.58 0 0 3.58 0 8c0 3.54 2.29 6.53 5.47 7.59.4.07.55-.17.55-.38 0-.19-.01-.82-.01-1.49-2.01.37-2.53-.49-2.69-.94-.09-.23-.48-.94-.82-1.13-.28-.15-.68-.52-.01-.53.63-.01 1.08.58 1.23.82.72 1.21 1.87.87 2.33.66.07-.52.28-.87.51-1.07-1.78-.2-3.64-.89-3.64-3.95 0-.87.31-1.59.82-2.15-.08-.2-.36-1.02.08-2.12 0 0 .67-.21 2.2.82.64-.18 1.32-.27 2-.27.68 0 1.36.09 2 .27 1.53-1.04 2.2-.82 2.2-.82.44 1.1.16 1.92.08 2.12.51.56.82 1.27.82 2.15 0 3.07-1.87 3.75-3.65 3.95.29.25.54.73.54 1.48 0 1.07-.01 1.93-.01 2.2 0 .21.15.46.55.38A8.012 8.012 0 0 0 16 8c0-4.42-3.58-8-8-8z"
            />
          </svg>
        </a>
        <a
          href="https://www.instagram.com/viniciusaf0/"
        >
          <svg
            aria-hidden="true"
            aria-label="instagram icon"
            class="c7"
            fill="currentColor"
            focusable="false"
            viewBox="0 0 16 16"
            xmlns="http://www.w3.org/2000/svg"
          >
            <path
              d="M8 0C5.829 0 5.556.01 4.703.048 3.85.088 3.269.222 2.76.42a3.917 3.917 0 0 0-1.417.923A3.927 3.927 0 0 0 .42 2.76C.222 3.268.087 3.85.048 4.7.01 5.555 0 5.827 0 8.001c0 2.172.01 2.444.048 3.297.04.852.174 1.433.372 1.942.205.526.478.972.923 1.417.444.445.89.719 1.416.923.51.198 1.09.333 1.942.372C5.555 15.99 5.827 16 8 16s2.444-.01 3.298-.048c.851-.04 1.434-.174 1.943-.372a3.916 3.916 0 0 0 1.416-.923c.445-.445.718-.891.923-1.417.197-.509.332-1.09.372-1.942C15.99 10.445 16 10.173 16 8s-.01-2.445-.048-3.299c-.04-.851-.175-1.433-.372-1.941a3.926 3.926 0 0 0-.923-1.417A3.911 3.911 0 0 0 13.24.42c-.51-.198-1.092-.333-1.943-.372C10.443.01 10.172 0 7.998 0h.003zm-.717 1.442h.718c2.136 0 2.389.007 3.232.046.78.035 1.204.166 1.486.275.373.145.64.319.92.599.28.28.453.546.598.92.11.281.24.705.275 1.485.039.843.047 1.096.047 3.231s-.008 2.389-.047 3.232c-.035.78-.166 1.203-.275 1.485a2.47 2.47 0 0 1-.599.919c-.28.28-.546.453-.92.598-.28.11-.704.24-1.485.276-.843.038-1.096.047-3.232.047s-2.39-.009-3.233-.047c-.78-.036-1.203-.166-1.485-.276a2.478 2.478 0 0 1-.92-.598 2.48 2.48 0 0 1-.6-.92c-.109-.281-.24-.705-.275-1.485-.038-.843-.046-1.096-.046-3.233 0-2.136.008-2.388.046-3.231.036-.78.166-1.204.276-1.486.145-.373.319-.64.599-.92.28-.28.546-.453.92-.598.282-.11.705-.24 1.485-.276.738-.034 1.024-.044 2.515-.045v.002zm4.988 1.328a.96.96 0 1 0 0 1.92.96.96 0 0 0 0-1.92zm-4.27 1.122a4.109 4.109 0 1 0 0 8.217 4.109 4.109 0 0 0 0-8.217zm0 1.441a2.667 2.667 0 1 1 0 5.334 2.667 2.667 0 0 1 0-5.334z"
            />
          </svg>
        </a>
        <a
          href="https://www.facebook.com/profile.php?id=100006780847667/"
        >
          <svg
            aria-hidden="true"
            aria-label="facebook icon"
            class="c7"
            fill="currentColor"
            focusable="false"
            viewBox="0 0 16 16"
            xmlns="http://www.w3.org/2000/svg"
          >
            <path
              d="M16 8.049c0-4.446-3.582-8.05-8-8.05C3.58 0-.002 3.603-.002 8.05c0 4.017 2.926 7.347 6.75 7.951v-5.625h-2.03V8.05H6.75V6.275c0-2.017 1.195-3.131 3.022-3.131.876 0 1.791.157 1.791.157v1.98h-1.009c-.993 0-1.303.621-1.303 1.258v1.51h2.218l-.354 2.326H9.25V16c3.824-.604 6.75-3.934 6.75-7.951z"
            />
          </svg>
        </a>
        <a
          href="https://www.linkedin.com/in/vinicius-ferreira-84b68b162/"
        >
          <svg
            aria-hidden="true"
            aria-label="linkedin icon"
            class="c7"
            fill="currentColor"
            focusable="false"
            viewBox="0 0 16 16"
            xmlns="http://www.w3.org/2000/svg"
          >
            <path
              d="M0 1.146C0 .513.526 0 1.175 0h13.65C15.474 0 16 .513 16 1.146v13.708c0 .633-.526 1.146-1.175 1.146H1.175C.526 16 0 15.487 0 14.854V1.146zm4.943 12.248V6.169H2.542v7.225h2.401zm-1.2-8.212c.837 0 1.358-.554 1.358-1.248-.015-.709-.52-1.248-1.342-1.248-.822 0-1.359.54-1.359 1.248 0 .694.521 1.248 1.327 1.248h.016zm4.908 8.212V9.359c0-.216.016-.432.08-.586.173-.431.568-.878 1.232-.878.869 0 1.216.662 1.216 1.634v3.865h2.401V9.25c0-2.22-1.184-3.252-2.764-3.252-1.274 0-1.845.7-2.165 1.193v.025h-.016a5.54 5.54 0 0 1 .016-.025V6.169h-2.4c.03.678 0 7.225 0 7.225h2.4z"
            />
          </svg>
        </a>
      </div>
    </div>
  </header>
</div>
`;
