// Jest Snapshot v1, https://goo.gl/fbAQLP

exports[`<GridDot/> should match snapshot 1`] = `
.c0 {
  width: 15.2rem;
  height: 6.8rem;
  display: grid;
  grid-template-columns: repeat(4,1fr);
}

.c1 {
  background: #242424;
  width: 0.5rem;
  height: 0.5rem;
  margin: 0.8rem;
}

@media (max-width:768px) {
  .c0 {
    display: none;
  }
}

<div>
  <div
    class="c0"
  >
    <div
      class="c1"
      color="#242424"
    />
    <div
      class="c1"
      color="#242424"
    />
    <div
      class="c1"
      color="#242424"
    />
    <div
      class="c1"
      color="#242424"
    />
    <div
      class="c1"
      color="#242424"
    />
    <div
      class="c1"
      color="#242424"
    />
    <div
      class="c1"
      color="#242424"
    />
    <div
      class="c1"
      color="#242424"
    />
    <div
      class="c1"
      color="#242424"
    />
    <div
      class="c1"
      color="#242424"
    />
    <div
      class="c1"
      color="#242424"
    />
    <div
      class="c1"
      color="#242424"
    />
    <div
      class="c1"
      color="#242424"
    />
    <div
      class="c1"
      color="#242424"
    />
    <div
      class="c1"
      color="#242424"
    />
    <div
      class="c1"
      color="#242424"
    />
    <div
      class="c1"
      color="#242424"
    />
    <div
      class="c1"
      color="#242424"
    />
    <div
      class="c1"
      color="#242424"
    />
    <div
      class="c1"
      color="#242424"
    />
    <div
      class="c1"
      color="#242424"
    />
    <div
      class="c1"
      color="#242424"
    />
    <div
      class="c1"
      color="#242424"
    />
    <div
      class="c1"
      color="#242424"
    />
    <div
      class="c1"
      color="#242424"
    />
    <div
      class="c1"
      color="#242424"
    />
    <div
      class="c1"
      color="#242424"
    />
    <div
      class="c1"
      color="#242424"
    />
    <div
      class="c1"
      color="#242424"
    />
    <div
      class="c1"
      color="#242424"
    />
    <div
      class="c1"
      color="#242424"
    />
    <div
      class="c1"
      color="#242424"
    />
  </div>
</div>
`;
