// Jest Snapshot v1, https://goo.gl/fbAQLP

exports[`<Stack/> should match snapshot 1`] = `
.c2 {
  color: #ffff;
  font-weight: 400;
  font-size: 4.0rem;
}

.c2 > span {
  color: #7D00FF;
  position: relative;
  z-index: 2;
}

.c2 > span::before {
  content: '';
  opacity: 0.2;
  position: absolute;
  z-index: 1;
  top: 60%;
  left: 0;
  width: 90%;
  height: 3rem;
  background: #35016b;
}

.c0 {
  padding-top: 18.8rem;
}

.c0 > .c1 {
  position: relative;
  text-align: center;
  text-transform: capitalize;
}

.c0 > .c1 > div {
  width: 8rem;
  height: 0.3rem;
  background-color: #ED1CA6;
  margin-top: 1.6rem;
  position: absolute;
  left: 48%;
}

.c3 {
  display: grid;
  grid-template-columns: repeat(auto-fill,minmax(380px,1fr));
  grid-row-gap: 3rem;
  justify-items: center;
  -webkit-align-content: center;
  -ms-flex-line-pack: center;
  align-content: center;
  -webkit-align-items: center;
  -webkit-box-align: center;
  -ms-flex-align: center;
  align-items: center;
  padding-top: 5rem;
}

.c8 {
  font-size: 3.2rem;
  color: #242424;
  padding: 3.2rem 0;
  line-height: 4rem;
}

.c4 {
  background: linear-gradient(0deg,rgba(223,227,235,0.4),rgba(223,227,235,0.4)),#FFFFFF;
  border-radius: 6px;
  width: 31.2rem;
  max-height: 35.1rem;
  -webkit-transition: all 400ms ease-in-out;
  transition: all 400ms ease-in-out;
}

.c4 > svg {
  width: 4rem;
  height: 4rem;
  margin: 2.2rem 2.2rem 0 2.2rem;
  color: #242424;
}

.c4 .c7 {
  padding: 2.2rem 0 3.2rem 2.8rem;
  position: relative;
}

.c4 .c7 > strong {
  width: 6.4rem;
  height: 0.3rem;
  background-color: #ED1CA6;
  margin-top: 1.6rem;
  margin-bottom: 2.8rem;
  position: absolute;
  bottom: -1.3rem;
  left: 6rem;
}

.c4 > img {
  margin: 2.8rem 0 3.6rem 3.5rem;
}

.c4:hover {
  background: #FFFFFF;
  box-shadow: 0px 20px 48px rgba(10,25,49,0.09);
  border-radius: 6px;
  border: 0.3rem solid #ED1CA6;
}

.c4:hover .c7 {
  color: #ED1CA6;
}

.c4:hover > svg {
  color: #ED1CA6;
}

.c5 {
  -webkit-transition: all 400ms ease-in-out;
  transition: all 400ms ease-in-out;
  height: 15.2rem;
}

.c5 > svg {
  width: 4rem;
  height: 4rem;
  margin: 2.2rem 2.2rem 0 2.2rem;
  color: #242424;
}

.c5:hover > svg {
  color: #ED1CA6;
}

.c6 {
  display: inline-block;
  vertical-align: middle;
  overflow: hidden;
}

@media (max-width:768px) {
  .c0 {
    padding-top: 5rem;
  }
}

@media (max-width:768px) {
  .c4 {
    width: 18.5rem;
    padding-bottom: 2%;
    max-height: 40rem;
  }

  .c4 > svg {
    width: 2.5rem !important;
    height: 2.5rem !important;
    margin: 0;
  }

  .c4 .c7 {
    text-align: center;
    font-size: 2rem;
    padding: 2.2rem 0 3.2rem 0 !important;
  }

  .c4 .c7 > strong {
    margin-top: 1.6rem;
  }
}

@media (max-width:768px) {
  .c5 > svg {
    width: 3rem !important;
    height: 3rem !important;
    margin: 0;
  }
}

<div>
  <div
    class="c0"
  >
    <h1
      class="c1 c2"
      color="#ffff"
    >
      test
       
      <div />
    </h1>
    <div
      class="c3"
    >
      <div
        class="c4"
      >
        <div
          class="c5"
        >
          <svg
            aria-hidden="true"
            class="c6"
            fill="currentColor"
            focusable="false"
            viewBox="0 0 24 24"
            xmlns="http://www.w3.org/2000/svg"
          >
            <circle
              cx="12"
              cy="11.245"
              r="1.785"
            />
            <path
              d="m7.002 14.794-.395-.101c-2.934-.741-4.617-2.001-4.617-3.452 0-1.452 1.684-2.711 4.617-3.452l.395-.1.111.391a19.507 19.507 0 0 0 1.136 2.983l.085.178-.085.178c-.46.963-.841 1.961-1.136 2.985l-.111.39zm-.577-6.095c-2.229.628-3.598 1.586-3.598 2.542 0 .954 1.368 1.913 3.598 2.54.273-.868.603-1.717.985-2.54a20.356 20.356 0 0 1-.985-2.542zm10.572 6.095-.11-.392a19.628 19.628 0 0 0-1.137-2.984l-.085-.177.085-.179c.46-.961.839-1.96 1.137-2.984l.11-.39.395.1c2.935.741 4.617 2 4.617 3.453 0 1.452-1.683 2.711-4.617 3.452l-.395.101zm-.41-3.553c.4.866.733 1.718.987 2.54 2.23-.627 3.599-1.586 3.599-2.54 0-.956-1.368-1.913-3.599-2.542a20.683 20.683 0 0 1-.987 2.542z"
            />
            <path
              d="m6.419 8.695-.11-.39c-.826-2.908-.576-4.991.687-5.717 1.235-.715 3.222.13 5.303 2.265l.284.292-.284.291a19.718 19.718 0 0 0-2.02 2.474l-.113.162-.196.016a19.646 19.646 0 0 0-3.157.509l-.394.098zm1.582-5.529c-.224 0-.422.049-.589.145-.828.477-.974 2.138-.404 4.38.891-.197 1.79-.338 2.696-.417a21.058 21.058 0 0 1 1.713-2.123c-1.303-1.267-2.533-1.985-3.416-1.985zm7.997 16.984c-1.188 0-2.714-.896-4.298-2.522l-.283-.291.283-.29a19.827 19.827 0 0 0 2.021-2.477l.112-.16.194-.019a19.473 19.473 0 0 0 3.158-.507l.395-.1.111.391c.822 2.906.573 4.992-.688 5.718a1.978 1.978 0 0 1-1.005.257zm-3.415-2.82c1.302 1.267 2.533 1.986 3.415 1.986.225 0 .423-.05.589-.145.829-.478.976-2.142.404-4.384-.89.198-1.79.34-2.698.419a20.526 20.526 0 0 1-1.71 2.124z"
            />
            <path
              d="m17.58 8.695-.395-.099a19.477 19.477 0 0 0-3.158-.509l-.194-.017-.112-.162A19.551 19.551 0 0 0 11.7 5.434l-.283-.291.283-.29c2.08-2.134 4.066-2.979 5.303-2.265 1.262.727 1.513 2.81.688 5.717l-.111.39zm-3.287-1.421c.954.085 1.858.228 2.698.417.571-2.242.425-3.903-.404-4.381-.824-.477-2.375.253-4.004 1.841.616.67 1.188 1.378 1.71 2.123zM8.001 20.15a1.983 1.983 0 0 1-1.005-.257c-1.263-.726-1.513-2.811-.688-5.718l.108-.391.395.1c.964.243 2.026.414 3.158.507l.194.019.113.16c.604.878 1.28 1.707 2.02 2.477l.284.29-.284.291c-1.583 1.627-3.109 2.522-4.295 2.522zm-.993-5.362c-.57 2.242-.424 3.906.404 4.384.825.47 2.371-.255 4.005-1.842a21.17 21.17 0 0 1-1.713-2.123 20.692 20.692 0 0 1-2.696-.419z"
            />
            <path
              d="M12 15.313c-.687 0-1.392-.029-2.1-.088l-.196-.017-.113-.162a25.697 25.697 0 0 1-1.126-1.769 26.028 26.028 0 0 1-.971-1.859l-.084-.177.084-.179c.299-.632.622-1.252.971-1.858.347-.596.726-1.192 1.126-1.77l.113-.16.196-.018a25.148 25.148 0 0 1 4.198 0l.194.019.113.16a25.136 25.136 0 0 1 2.1 3.628l.083.179-.083.177a24.742 24.742 0 0 1-2.1 3.628l-.113.162-.194.017c-.706.057-1.412.087-2.098.087zm-1.834-.904c1.235.093 2.433.093 3.667 0a24.469 24.469 0 0 0 1.832-3.168 23.916 23.916 0 0 0-1.832-3.168 23.877 23.877 0 0 0-3.667 0 23.743 23.743 0 0 0-1.832 3.168 24.82 24.82 0 0 0 1.832 3.168z"
            />
          </svg>
          <svg
            aria-hidden="true"
            class="c6"
            fill="currentColor"
            focusable="false"
            viewBox="0 0 24 24"
            xmlns="http://www.w3.org/2000/svg"
          >
            <path
              d="M3 3h18v18H3V3zm16.525 13.707c-.131-.821-.666-1.511-2.252-2.155-.552-.259-1.165-.438-1.349-.854-.068-.248-.078-.382-.034-.529.113-.484.687-.629 1.137-.495.293.09.563.315.732.676.775-.507.775-.507 1.316-.844-.203-.314-.304-.451-.439-.586-.473-.528-1.103-.798-2.126-.775l-.528.067c-.507.124-.991.395-1.283.754-.855.968-.608 2.655.427 3.354 1.023.765 2.521.933 2.712 1.653.18.878-.652 1.159-1.475 1.058-.607-.136-.945-.439-1.316-1.002l-1.372.788c.157.359.337.517.607.832 1.305 1.316 4.568 1.249 5.153-.754.021-.067.18-.528.056-1.237l.034.049zm-6.737-5.434h-1.686c0 1.453-.007 2.898-.007 4.354 0 .924.047 1.772-.104 2.033-.247.517-.886.451-1.175.359-.297-.146-.448-.349-.623-.641-.047-.078-.082-.146-.095-.146l-1.368.844c.229.473.563.879.994 1.137.641.383 1.502.507 2.404.305.588-.17 1.095-.519 1.358-1.059.384-.697.302-1.553.299-2.509.008-1.541 0-3.083 0-4.635l.003-.042z"
            />
          </svg>
          <svg
            aria-hidden="true"
            class="c6"
            fill="currentColor"
            focusable="false"
            viewBox="0 0 24 24"
            xmlns="http://www.w3.org/2000/svg"
          >
            <path
              d="M4.136 3.012h15.729l-1.431 16.15-6.451 1.826-6.414-1.826-1.433-16.15zm5.266 7.302-.173-2.035 7.533.002.173-1.963-9.87-.002.522 5.998h6.835l-.243 2.566-2.179.602-2.214-.605-.141-1.58H7.691l.247 3.123L12 17.506l4.028-1.08.558-6.111H9.402v-.001z"
            />
          </svg>
          <svg
            aria-hidden="true"
            class="c6"
            fill="currentColor"
            focusable="false"
            viewBox="0 0 24 24"
            xmlns="http://www.w3.org/2000/svg"
          >
            <path
              d="M4.192 3.143h15.615l-1.42 16.034-6.404 1.812-6.369-1.813L4.192 3.143zM16.9 6.424l-9.8-.002.158 1.949 7.529.002-.189 2.02H9.66l.179 1.913h4.597l-.272 2.62-2.164.598-2.197-.603-.141-1.569h-1.94l.216 2.867L12 17.484l3.995-1.137.905-9.923z"
            />
          </svg>
          <svg
            aria-hidden="true"
            class="c6"
            fill="currentColor"
            focusable="false"
            viewBox="0 0 24 24"
            xmlns="http://www.w3.org/2000/svg"
          >
            <path
              d="m16.71.243-.12 2.71a.18.18 0 0 0 .29.15l1.06-.8.9.7a.18.18 0 0 0 .28-.14l-.1-2.76 1.33-.1a1.2 1.2 0 0 1 1.279 1.2v21.596a1.2 1.2 0 0 1-1.26 1.2l-16.096-.72a1.2 1.2 0 0 1-1.15-1.16l-.75-19.797a1.2 1.2 0 0 1 1.13-1.27L16.7.222zM13.64 9.3c0 .47 3.16.24 3.59-.08 0-3.2-1.72-4.89-4.859-4.89-3.15 0-4.899 1.72-4.899 4.29 0 4.45 5.999 4.53 5.999 6.959 0 .7-.32 1.1-1.05 1.1-.96 0-1.35-.49-1.3-2.16 0-.36-3.649-.48-3.769 0-.27 4.03 2.23 5.2 5.099 5.2 2.79 0 4.969-1.49 4.969-4.18 0-4.77-6.099-4.64-6.099-6.999 0-.97.72-1.1 1.13-1.1.45 0 1.25.07 1.19 1.87z"
            />
          </svg>
        </div>
        <p
          class="c7 c8"
          color="#242424"
          sizes="3.2"
        >
          Front End Development
           
          <strong />
        </p>
        <img
          alt="Arrow right"
          src="assets/images/GroupBlack.png"
        />
      </div>
      <div
        class="c4"
      >
        <div
          class="c5"
        >
          <svg
            aria-hidden="true"
            class="c6"
            fill="currentColor"
            focusable="false"
            viewBox="0 0 24 24"
            xmlns="http://www.w3.org/2000/svg"
          >
            <path
              d="M12 21.985c-.275 0-.532-.074-.772-.202l-2.439-1.448c-.365-.203-.182-.277-.072-.314.496-.165.588-.201 1.101-.493.056-.037.129-.02.185.017l1.87 1.12c.074.036.166.036.221 0l7.319-4.237c.074-.036.11-.11.11-.202V7.768c0-.091-.036-.165-.11-.201l-7.319-4.219c-.073-.037-.165-.037-.221 0L4.552 7.566c-.073.036-.11.129-.11.201v8.457c0 .073.037.166.11.202l2 1.157c1.082.548 1.762-.095 1.762-.735V8.502c0-.11.091-.221.22-.221h.936c.108 0 .22.092.22.221v8.347c0 1.449-.788 2.294-2.164 2.294-.422 0-.752 0-1.688-.46l-1.925-1.099a1.55 1.55 0 0 1-.771-1.34V7.786c0-.55.293-1.064.771-1.339l7.316-4.237a1.637 1.637 0 0 1 1.544 0l7.317 4.237c.479.274.771.789.771 1.339v8.458c0 .549-.293 1.063-.771 1.34l-7.317 4.236c-.241.11-.516.165-.773.165zm2.256-5.816c-3.21 0-3.87-1.468-3.87-2.714 0-.11.092-.221.22-.221h.954c.11 0 .201.073.201.184.147.971.568 1.449 2.514 1.449 1.54 0 2.202-.35 2.202-1.175 0-.477-.185-.825-2.587-1.063-1.999-.2-3.246-.643-3.246-2.238 0-1.485 1.247-2.366 3.339-2.366 2.347 0 3.503.809 3.649 2.568a.297.297 0 0 1-.056.165c-.037.036-.091.073-.146.073h-.953a.212.212 0 0 1-.202-.164c-.221-1.012-.789-1.34-2.292-1.34-1.689 0-1.891.587-1.891 1.027 0 .531.237.696 2.514.99 2.256.293 3.32.715 3.32 2.294-.02 1.615-1.339 2.531-3.67 2.531z"
            />
          </svg>
          <svg
            aria-hidden="true"
            class="c6"
            fill="currentColor"
            focusable="false"
            viewBox="0 0 24 24"
            xmlns="http://www.w3.org/2000/svg"
          >
            <path
              d="M16.405 5.501c-.115 0-.193.014-.274.033v.013h.014c.054.104.146.18.214.273.054.107.1.214.154.32l.014-.015c.094-.066.14-.172.14-.333-.04-.047-.046-.094-.08-.14-.04-.067-.126-.1-.18-.153zM5.77 18.695h-.927a50.854 50.854 0 0 0-.27-4.41h-.008l-1.41 4.41H2.45l-1.4-4.41h-.01a72.892 72.892 0 0 0-.195 4.41H0c.055-1.966.192-3.81.41-5.53h1.15l1.335 4.064h.008l1.347-4.064h1.095c.242 2.015.384 3.86.428 5.53zm4.017-4.08c-.378 2.045-.876 3.533-1.492 4.46-.482.716-1.01 1.073-1.583 1.073-.153 0-.34-.046-.566-.138v-.494c.11.017.24.026.386.026.268 0 .483-.075.647-.222.197-.18.295-.382.295-.605 0-.155-.077-.47-.23-.944L6.23 14.615h.91l.727 2.36c.164.536.233.91.205 1.123.4-1.064.678-2.227.835-3.483zm12.325 4.08h-2.63v-5.53h.885v4.85h1.745zm-3.32.135-1.016-.5c.09-.076.177-.158.255-.25.433-.506.648-1.258.648-2.253 0-1.83-.718-2.746-2.155-2.746-.704 0-1.254.232-1.65.697-.43.508-.646 1.256-.646 2.245 0 .972.19 1.686.574 2.14.35.41.877.615 1.583.615.264 0 .506-.033.725-.098l1.325.772.36-.622zM15.5 17.588c-.225-.36-.337-.94-.337-1.736 0-1.393.424-2.09 1.27-2.09.443 0 .77.167.977.5.224.362.336.936.336 1.723 0 1.404-.424 2.108-1.27 2.108-.445 0-.77-.167-.978-.5zm-1.658-.425c0 .47-.172.856-.516 1.156-.344.3-.803.45-1.384.45-.543 0-1.064-.172-1.573-.515l.237-.476c.438.22.833.328 1.19.328.332 0 .593-.073.783-.22a.754.754 0 0 0 .3-.615c0-.33-.23-.61-.648-.845-.388-.213-1.163-.657-1.163-.657-.422-.307-.632-.636-.632-1.177 0-.45.157-.81.47-1.085.315-.278.72-.415 1.22-.415.512 0 .98.136 1.4.41l-.213.476a2.726 2.726 0 0 0-1.064-.23c-.283 0-.502.068-.654.206a.685.685 0 0 0-.248.524c0 .328.234.61.666.85.393.215 1.187.67 1.187.67.433.305.648.63.648 1.168zm9.382-5.852c-.535-.014-.95.04-1.297.188-.1.04-.26.04-.274.167.055.053.063.14.11.214.08.134.218.313.346.407.14.11.28.216.427.31.26.16.555.255.81.416.145.094.293.213.44.313.073.05.12.14.214.172v-.02c-.046-.06-.06-.147-.105-.214-.067-.067-.134-.127-.2-.193a3.223 3.223 0 0 0-.695-.675c-.214-.146-.682-.35-.77-.595l-.013-.014c.146-.013.32-.066.46-.106.227-.06.435-.047.67-.106.106-.027.213-.06.32-.094v-.06c-.12-.12-.21-.283-.334-.395a8.867 8.867 0 0 0-1.104-.823c-.21-.134-.476-.22-.697-.334-.08-.04-.214-.06-.26-.127-.12-.146-.19-.34-.275-.514a17.69 17.69 0 0 1-.547-1.163c-.12-.262-.193-.523-.34-.763-.69-1.137-1.437-1.826-2.586-2.5-.247-.14-.543-.2-.856-.274-.167-.008-.334-.02-.5-.027-.11-.047-.216-.174-.31-.235-.38-.24-1.364-.76-1.644-.072-.18.434.267.862.422 1.082.115.153.26.328.34.5.047.116.06.235.107.356.106.294.207.622.347.897.073.14.153.287.247.413.054.073.146.107.167.227-.094.136-.1.334-.154.5-.24.757-.146 1.693.194 2.25.107.166.362.534.703.393.3-.12.234-.5.32-.835.02-.08.007-.133.048-.187v.015c.094.188.188.367.274.555.206.328.566.668.867.895.16.12.287.328.487.402v-.02h-.015c-.043-.058-.1-.086-.154-.133a3.445 3.445 0 0 1-.35-.4 8.76 8.76 0 0 1-.747-1.218c-.11-.21-.202-.436-.29-.643-.04-.08-.04-.2-.107-.24-.1.146-.247.273-.32.453-.127.288-.14.642-.188 1.01-.027.007-.014 0-.027.014-.214-.052-.287-.274-.367-.46-.2-.475-.233-1.238-.06-1.785.047-.14.247-.582.167-.716-.042-.127-.174-.2-.247-.303a2.478 2.478 0 0 1-.24-.427c-.16-.374-.24-.788-.414-1.162-.08-.173-.22-.354-.334-.513-.127-.18-.267-.307-.368-.52-.033-.073-.08-.194-.027-.274.014-.054.042-.075.094-.09.088-.072.335.022.422.062.247.1.455.194.662.334.094.066.195.193.315.226h.14c.214.047.455.014.655.073.355.114.675.28.962.46a5.953 5.953 0 0 1 2.085 2.286c.08.154.115.295.188.455.14.33.313.663.455.982.14.315.275.636.476.897.1.14.502.213.682.286.133.06.34.115.46.188.23.14.454.3.67.454.11.076.443.243.463.378z"
            />
          </svg>
          <svg
            aria-hidden="true"
            class="c6"
            fill="currentColor"
            focusable="false"
            viewBox="0 0 24 24"
            xmlns="http://www.w3.org/2000/svg"
          >
            <path
              d="M17.193 9.555c-1.264-5.58-4.252-7.414-4.573-8.115-.28-.394-.53-.954-.735-1.44-.036.495-.055.685-.523 1.184-.723.566-4.438 3.682-4.74 10.02-.282 5.912 4.27 9.435 4.888 9.884l.07.05A73.49 73.49 0 0 1 11.91 24h.481a28.48 28.48 0 0 1 .51-3.07c.417-.296.604-.463.85-.693a11.342 11.342 0 0 0 3.639-8.464c.01-.814-.103-1.662-.197-2.218zm-5.336 8.195s0-8.291.275-8.29c.213 0 .49 10.695.49 10.695-.381-.045-.765-1.76-.765-2.405z"
            />
          </svg>
        </div>
        <p
          class="c7 c8"
          color="#242424"
          sizes="3.2"
        >
          Back End Development
           
          <strong />
        </p>
        <img
          alt="Arrow right"
          src="assets/images/GroupBlack.png"
        />
      </div>
      <div
        class="c4"
      >
        <div
          class="c5"
        >
          <svg
            aria-hidden="true"
            class="c6"
            fill="currentColor"
            focusable="false"
            viewBox="0 0 24 24"
            xmlns="http://www.w3.org/2000/svg"
          >
            <path
              d="M0 0h24v24H0V0z"
              fill="none"
            />
            <path
              d="M9 13c2.21 0 4-1.79 4-4s-1.79-4-4-4-4 1.79-4 4 1.79 4 4 4zm0-6c1.1 0 2 .9 2 2s-.9 2-2 2-2-.9-2-2 .9-2 2-2zm0 8c-2.67 0-8 1.34-8 4v2h16v-2c0-2.66-5.33-4-8-4zm-6 4c.22-.72 3.31-2 6-2 2.7 0 5.8 1.29 6 2H3zM15.08 7.05c.84 1.18.84 2.71 0 3.89l1.68 1.69c2.02-2.02 2.02-5.07 0-7.27l-1.68 1.69zM20.07 2l-1.63 1.63c2.77 3.02 2.77 7.56 0 10.74L20.07 16c3.9-3.89 3.91-9.95 0-14z"
            />
          </svg>
          <svg
            aria-hidden="true"
            class="c6"
            fill="currentColor"
            focusable="false"
            viewBox="0 0 16 16"
            xmlns="http://www.w3.org/2000/svg"
          >
            <path
              d="M15 14s1 0 1-1-1-4-5-4-5 3-5 4 1 1 1 1h8zm-7.978-1A.261.261 0 0 1 7 12.996c.001-.264.167-1.03.76-1.72C8.312 10.629 9.282 10 11 10c1.717 0 2.687.63 3.24 1.276.593.69.758 1.457.76 1.72l-.008.002a.274.274 0 0 1-.014.002H7.022zM11 7a2 2 0 1 0 0-4 2 2 0 0 0 0 4zm3-2a3 3 0 1 1-6 0 3 3 0 0 1 6 0zM6.936 9.28a5.88 5.88 0 0 0-1.23-.247A7.35 7.35 0 0 0 5 9c-4 0-5 3-5 4 0 .667.333 1 1 1h4.216A2.238 2.238 0 0 1 5 13c0-1.01.377-2.042 1.09-2.904.243-.294.526-.569.846-.816zM4.92 10A5.493 5.493 0 0 0 4 13H1c0-.26.164-1.03.76-1.724.545-.636 1.492-1.256 3.16-1.275zM1.5 5.5a3 3 0 1 1 6 0 3 3 0 0 1-6 0zm3-2a2 2 0 1 0 0 4 2 2 0 0 0 0-4z"
            />
          </svg>
        </div>
        <p
          class="c7 c8"
          color="#242424"
          sizes="3.2"
        >
          Soft Skills
           
          <strong />
        </p>
        <img
          alt="Arrow right"
          src="assets/images/GroupBlack.png"
        />
      </div>
    </div>
  </div>
</div>
`;
