// Jest Snapshot v1, https://goo.gl/fbAQLP

exports[`<TextComponent/> should math snapshot 1`] = `
.c0 {
  font-size: 1.4rem;
  color: #a3a0a0;
  padding: 3.2rem 0;
  line-height: 2rem;
}

<div>
  <p
    class="c0"
    color="#a3a0a0"
    sizes="1.4"
  >
    Texto
  </p>
</div>
`;
