// Jest Snapshot v1, https://goo.gl/fbAQLP

exports[`<Heading/> should match snapshot 1`] = `
.c0 {
  color: #fff;
  font-size: 3.2rem;
  text-transform: none;
}

<div>
  <h6
    class="c0"
  >
    Texto
  </h6>
</div>
`;
